===== before-child-launch: interrupted stderr =====
W: In dry-run mode, --customize-hook options have no effect
I: chroot architecture amd64 is equal to the host's architecture
I: skipping check/signed-by as requested
W: cannot guess apt sources.list entry with empty suite name
W: empty apt sources.list
I: using /work/programmes/services-resources/lanes/LF-23-cancellation-subprocess-fd-cleanup/scouts/LF-SCOUT-PROC-01/artifacts/ci-run/before-child-launch/tmp/mmdebstrap.jtnN3Uh3In as tempdir
I: main() received signal TERM: waiting for setup...
I: skipping update as requested
I: nothing to download -- skipping...
I: skip extracting packages because of --dry-run
W: skipping mounting of sysfs because the /sys directory is missing in the target
W: skipping mounting of proc because the /proc directory is missing in the target
I: no essential packages -- skipping...
I: not running customize-hooks because of --dry-run
I: cleaning package lists and apt cache...
I: simulate creating tarball...
I: removing tempdir /work/programmes/services-resources/lanes/LF-23-cancellation-subprocess-fd-cleanup/scouts/LF-SCOUT-PROC-01/artifacts/ci-run/before-child-launch/tmp/mmdebstrap.jtnN3Uh3In...
E: mmdebstrap failed to run
===== before-child-launch: rerun stderr =====
W: In dry-run mode, --customize-hook options have no effect
I: chroot architecture amd64 is equal to the host's architecture
I: skipping check/signed-by as requested
W: cannot guess apt sources.list entry with empty suite name
W: empty apt sources.list
I: using /work/programmes/services-resources/lanes/LF-23-cancellation-subprocess-fd-cleanup/scouts/LF-SCOUT-PROC-01/artifacts/ci-run/before-child-launch/rerun/tmp/mmdebstrap.kJBG_x1DJ7 as tempdir
I: skipping update as requested
I: nothing to download -- skipping...
I: skip extracting packages because of --dry-run
W: skipping mounting of sysfs because the /sys directory is missing in the target
W: skipping mounting of proc because the /proc directory is missing in the target
I: no essential packages -- skipping...
I: not running customize-hooks because of --dry-run
I: cleaning package lists and apt cache...
I: simulate creating tarball...
I: removing tempdir /work/programmes/services-resources/lanes/LF-23-cancellation-subprocess-fd-cleanup/scouts/LF-SCOUT-PROC-01/artifacts/ci-run/before-child-launch/rerun/tmp/mmdebstrap.kJBG_x1DJ7...
I: success in 0.1380 seconds
===== active-worker: interrupted stderr =====
W: In dry-run mode, --customize-hook options have no effect
I: chroot architecture amd64 is equal to the host's architecture
I: skipping check/signed-by as requested
W: cannot guess apt sources.list entry with empty suite name
W: empty apt sources.list
I: using /work/programmes/services-resources/lanes/LF-23-cancellation-subprocess-fd-cleanup/scouts/LF-SCOUT-PROC-01/artifacts/ci-run/active-worker/tmp/mmdebstrap.3tVobhdRwo as tempdir
I: skipping update as requested
I: nothing to download -- skipping...
I: skip extracting packages because of --dry-run
W: skipping mounting of sysfs because the /sys directory is missing in the target
W: skipping mounting of proc because the /proc directory is missing in the target
I: main() received signal TERM: waiting for setup...
I: main() received signal TERM: waiting for setup...
W: pid 823 cought signal: TERM
W: hooklistener errored out: E: received eof on socket

I: main() received signal PIPE: waiting for setup...
I: removing tempdir /work/programmes/services-resources/lanes/LF-23-cancellation-subprocess-fd-cleanup/scouts/LF-SCOUT-PROC-01/artifacts/ci-run/active-worker/tmp/mmdebstrap.3tVobhdRwo...
E: mmdebstrap failed to run
===== active-worker: rerun stderr =====
W: In dry-run mode, --customize-hook options have no effect
I: chroot architecture amd64 is equal to the host's architecture
I: skipping check/signed-by as requested
W: cannot guess apt sources.list entry with empty suite name
W: empty apt sources.list
I: using /work/programmes/services-resources/lanes/LF-23-cancellation-subprocess-fd-cleanup/scouts/LF-SCOUT-PROC-01/artifacts/ci-run/active-worker/rerun/tmp/mmdebstrap.MkgvUcLOu6 as tempdir
I: skipping update as requested
I: nothing to download -- skipping...
I: skip extracting packages because of --dry-run
W: skipping mounting of sysfs because the /sys directory is missing in the target
W: skipping mounting of proc because the /proc directory is missing in the target
I: no essential packages -- skipping...
I: not running customize-hooks because of --dry-run
I: cleaning package lists and apt cache...
I: simulate creating tarball...
I: removing tempdir /work/programmes/services-resources/lanes/LF-23-cancellation-subprocess-fd-cleanup/scouts/LF-SCOUT-PROC-01/artifacts/ci-run/active-worker/rerun/tmp/mmdebstrap.MkgvUcLOu6...
I: success in 0.1363 seconds
===== cleanup: interrupted stderr =====
W: In dry-run mode, --customize-hook options have no effect
I: chroot architecture amd64 is equal to the host's architecture
I: skipping check/signed-by as requested
W: cannot guess apt sources.list entry with empty suite name
W: empty apt sources.list
I: using /work/programmes/services-resources/lanes/LF-23-cancellation-subprocess-fd-cleanup/scouts/LF-SCOUT-PROC-01/artifacts/ci-run/cleanup/tmp/mmdebstrap.WtkWXmlmAi as tempdir
I: skipping update as requested
I: nothing to download -- skipping...
I: skip extracting packages because of --dry-run
W: skipping mounting of sysfs because the /sys directory is missing in the target
W: skipping mounting of proc because the /proc directory is missing in the target
I: no essential packages -- skipping...
I: not running customize-hooks because of --dry-run
I: cleaning package lists and apt cache...
I: simulate creating tarball...
I: main() received signal TERM: waiting for cleanup...
I: removing tempdir /work/programmes/services-resources/lanes/LF-23-cancellation-subprocess-fd-cleanup/scouts/LF-SCOUT-PROC-01/artifacts/ci-run/cleanup/tmp/mmdebstrap.WtkWXmlmAi...
E: mmdebstrap failed to run
===== cleanup: rerun stderr =====
W: In dry-run mode, --customize-hook options have no effect
I: chroot architecture amd64 is equal to the host's architecture
I: skipping check/signed-by as requested
W: cannot guess apt sources.list entry with empty suite name
W: empty apt sources.list
I: using /work/programmes/services-resources/lanes/LF-23-cancellation-subprocess-fd-cleanup/scouts/LF-SCOUT-PROC-01/artifacts/ci-run/cleanup/rerun/tmp/mmdebstrap.gFmiZ2WwdF as tempdir
I: skipping update as requested
I: nothing to download -- skipping...
I: skip extracting packages because of --dry-run
W: skipping mounting of sysfs because the /sys directory is missing in the target
W: skipping mounting of proc because the /proc directory is missing in the target
I: no essential packages -- skipping...
I: not running customize-hooks because of --dry-run
I: cleaning package lists and apt cache...
I: simulate creating tarball...
I: removing tempdir /work/programmes/services-resources/lanes/LF-23-cancellation-subprocess-fd-cleanup/scouts/LF-SCOUT-PROC-01/artifacts/ci-run/cleanup/rerun/tmp/mmdebstrap.gFmiZ2WwdF...
I: success in 0.1405 seconds
===== run-progress-parent-only: interrupted stderr =====
I: run_progress() received signal TERM: waiting for child...
===== run-progress-parent-only: rerun stderr =====
